Primul commit
=============

Odată creat repository-ul, putem să începem să aducem modificări asupra lui.
Atunci când vrem să salvăm (în Git, nu doar în editorul text) modificările făcute local spunem că facem un **commit**.
Starea proiectului se modifică local, fără acțiuni ulterioare aceasta nu va fi făcută publică.
Dacă starea proiectului nu se publică, atunci ceilalți colaboratori nu vor putea vedea modificările tale.
Pentru a putea publica o schimbare trebuie să faceți operația **push**.
Vom vedea în următoarele secțiuni care sunt pașii pentru a crea un commit și pentru a-l publica.

În următoarele secțiuni vom contribui la repository-ul creat în secțiunea anterioară (TODO adaugă ref).
Vom crea pas cu pas un proiect care conține un algoritm de sortare al unui vector de elemente întregi.

Adăugarea unui fișier README
----------------------------

Am stabilit mai devreme că într-un repository se află întreg codul sursă al unui proiect.
Pe lângă codul sursă se recomandă adăugarea unui fișier (de obicei intitulat README) în care se află diverse informații despre un proiect.
Spre exemplu în README se află informații despre ce funcționalități are proiectul nostru, cum se compilează un proiect, cum se rulează, pe ce tip de platforme poate fi rulat etc.

Adăugăm proiectului nostru un fișier ``README.md``.

.. code-block:: bash

    student@uso:~/my-first-repository$ echo "# Bubble Sort Algorithm for Beginners" > README.md
    student@uso:~/my-first-repository$ ls -a
    ./         ../        .git/      README.md

Folosim extensia ``.md`` care semnalează un fișier de tip `Markdown <https://www.markdownguide.org>`_.
Facem acest lucru deoarece pe GitHub fișierele README sunt afișate în format Markdown.
Acest format este simplu de înțeles, însă nu face obiectul acestei cărți, deci nu vom insista pe înțelegerea lui.


Crearea primului commit
-----------------------

Prin **commituri** aducem modificări asupra unui repository.
Aceasta este modalitatea prin care putem propaga schimbări făcute în repository.
Astfel, Git poate păstra un istoric al modificărilor făcute.


Verificarea stării clonei
^^^^^^^^^^^^^^^^^^^^^^^^^

.. admonition:: Reamintire

    O **clonă** a unui repository este o copie locală a unui repository deja existent pe GitHub.


Ne interesează întotdeauna starea clonei pe care lucrăm.
Starea clonei ne va indica ce fișiere am creat, modificat sau șters de la ultima sincronizare cu repository-ul remote.

.. code-block:: bash

    student@uso:~/my-first-repository$ git status
    On branch master

    No commits yet

    Untracked files:
    (use "git add <file>..." to include in what will be committed)

        README.md

Pentru a verifica starea clonei folosim comanda ``git status``.


Prima linie afișată ``On branch master`` se referă la branch-ul master local.
Ne indică faptul că modificările făcute, adică crearea fișierelor ``README.md`` și ``.gitignore`` au fost făcute pe branch-ul master.

A doua linie afișată ``No commits yet`` se referă la faptul că nu am făcut până acum niciun comit, adică am pornit de la un repository gol.

În ultima parte a outputului vedem că se află o listă de fișiere ``untracked``, adică lista fișierelor pe care Git nu le are în aria de vizibilitate.

.. note::

    Git vede ca fiind modificate sau nou adăugate aceste fișiere, însă nu știe cum să le catalogheze.
    Este datoria noastră de a adăuga fișierele în aria de vizibilitate pentru Git.

Adăugarea unui fișier (în staging area)
^^^^^^^^^^^^^^^^^^^^^^^^^^^^^^^^^^^^^^^

Adăugăm fișierul **README.md** în aria de vizibilitate pentru Git, adică în **staging area**.

.. code-block:: bash

    student@uso:~/my-first-repository$ git add README.md
    student@uso:~/my-first-repository$ git status
    On branch master

    No commits yet

    Changes to be committed:
    (use "git rm --cached <file>..." to unstage)

        new file:   README.md

În urma stagingului, comanda ``git status`` va produce un nou output. Haideți să-l interpretăm.

Primele 2 mesaje afișate au rămas neschimbate.
Partea interesantă apare la ultima parte a outputului.
Vedem că mesajul a devenit ``Changes to be commited``.
Asta înseamnă că acum Git știe de noile modificări și așteaptă ca modificările să fie adunate într-un commit.

Crearea commitului local cu un mesaj corespunzător
^^^^^^^^^^^^^^^^^^^^^^^^^^^^^^^^^^^^^^^^^^^^^^^^^^

Următorul pas în etapa de dezvoltare este chiar crearea unui nou commit cu modificările făcute.

.. code-block::

    student@uso:~/my-first-repository$ git commit -m "Add README.md"
    [master (root-commit) 0dfb632] Add README.md
    1 file changed, 1 insertion(+)
    create mode 100644 README.md  
    student@uso:~/my-first-repository$ git status
    On branch master
    nothing to commit, working tree clean  

.. note:: Fiecare commit trebuie să vină cu un mesaj alăturat în care se explică pe scurt ce modificări aduce acesta.

Există câteva bune practici de care trebuie să țineți întotdeauna cont.

E bine ca atunci când ne apucăm de lucru să avem în vedere să sincronizăm din când în când repository-ul local cu cel remote.
Pot apărea diferențe în momentul în care altcineva a publicat schimbări remote după ce am făcut noi ultima sincronizare.
În momentul în care cineva a publicat modificări asupra unei secvențe de cod pe care și noi o modificăm, apar conflicte.
Conflictele trebuie rezolvate.

Putem face acest lucru în două moduri.
Operația ``fetch`` are rolul de a aduce local toate schimbările, însă nu va face și operația de ``merge`` care presupune rezolvarea conflictelor și ajungerea a un front comun.
Operația ``pull`` face, de fapt, un ``fetch`` și un ``merge``, adică va aduce local toate modificările și va încerca să rezolve conflicetele în mod automat.
Dacă rezolvarea conflictelor nu se poate face automat, trebuie să ne ocupăm de acest pas.

.. note::
    Noi am pornit de la un repository gol, așadar operațiile ``fetch``, ``merge`` și ``pull`` nu au fost necesare.

TODO: de integrat următoarele unde își vor avea locul.
``git pull --ff-only`` la bune practici
``git pull`` + explicații (de ce trebuie să dăm mai întâi pull și după aceea push)

**Exercițiu:** Adăugați propoziția "We use a very very cool and new sorting algorithm for arrays named Bubble Sort." pe a doua linie din fișierul ``README.md``.

**Exercițiu:** Comiteți schimbarea făcută. Folosiți următorul mesaj de commit: ``Update README with project explanation``.

**Exercițiu:** Modificați titlul fișierului ``README.md`` în ``# Bubble Sort Algorithm for Arrays``.

**Exercițiu:** Comiteți schimbarea făcută. Folosiți următorul mesaj de commit: ``Update README title``.

**Exercițiu:** Creați un nou fișier numit ``bubble-sort.c`` cu următorul conținut:

.. code-block:: c

    #include <stdio.h>

    int main() {
        return 0;
    }

**Exercițiu:** Comiteți schimbarea făcută. Folosiți următorul mesaj de commit: ``Add project skeleton``.
  

Verificarea istoricului de commituri
^^^^^^^^^^^^^^^^^^^^^^^^^^^^^^^^^^^^

La orice pas al dezvoltării proiectului vrem să știm în ce stadiu ne aflăm.
De aceea folosim un sistem de versionare a codului, în cazul nostru ``Git``.
Git ne permite să vedem un istoric al modificărilor făcute în repository, adică un istoric al commiturilor.

În cazul autorului acestui capitol, numele, prenumele și emailul sunt ``Liza Babu <lizababu@example.com>`` ca mai jos.
.. code-block::

    student@uso:~/my-first-repository$ git log
    commit 0dfb632b9de79f9a25011e8b98be48c7b1a0aad8 (HEAD -> master)
    Author: Liza Babu <lizababu@example.com>
    Date:   Wed Aug 19 17:24:01 2020 +0300

        Add project skeleton
    TODO: adaugă restul de commituri
    (..)

Pentru verificarea istoricului de commituri din repository am folosit comanda ``git log``.

Fiecare commit are un hash asociat care identifică unic commitul.
Discutăm în continuare despre ultimul commit din listă.
Aici este vorba despre commitul ``0dfb632b9de79f9a25011e8b98be48c7b1a0aad8`` cu mesajul de commit ``Add project skeleton``.

Acum vedem că repository-ul indică spre acest nou commit.
Ne dăm seama de acest lucru pentru că ``HEAD`` se află în dreptul commitului tocmai făcut.

Publicarea commitului pe repository-ul remote
^^^^^^^^^^^^^^^^^^^^^^^^^^^^^^^^^^^^^^^^^^^^^

Vrem să publicăm toate schimbările făcute și pe repository-ul remote.

.. code-block::

    student@uso:~/my-first-repository$ git push
    fatal: The current branch master has no upstream branch.
    To push the current branch and set the remote as upstream, use

        git push --set-upstream origin master
    student@uso:~/my-first-repository$ git push --set-upstream origin master
    Enumerating objects: 4, done.
    Counting objects: 100% (4/4), done.
    Delta compression using up to 4 threads
    Compressing objects: 100% (2/2), done.
    Writing objects: 100% (4/4), 299 bytes | 299.00 KiB/s, done.
    Total 4 (delta 0), reused 0 (delta 0)
    To https://github.com/{username}/my-first-repository.git
    * [new branch]      master -> master
    Branch 'master' set up to track remote branch 'master' from 'origin'.
    student@uso:~/my-first-repository$ git branch
    * master

Am publicat commitul folosind comanda ``git push``.
Prima oară când am încercat să dăm comanda ``git push`` am primit o eroare care ne indică faptul că în repository-ul remote nu avem niciun branch numit ``master``.
Vorbim despre **branch-uri** în secțiunea următoare (TODO adaugă ref la secțiunea următoare).

Întrăm pe GitHub să vedem că schimbările au fost propagate.

TODO: fă și adaugă screenshot nou

.. figure:: ./img/GitHub-first-commit.png
  :scale: 45%
  :alt: Alternative text
